Last login: Thu Sep 11 17:13:22 on ttys000
marselmazen@AirsomtorMarsel ~ % pip install python-dotenv

zsh: command not found: pip
marselmazen@AirsomtorMarsel ~ % pip3 install python-dotenv
Requirement already satisfied: python-dotenv in /Library/Frameworks/Python.framework/Versions/3.13/lib/python3.13/site-packages (1.1.1)
marselmazen@AirsomtorMarsel ~ % export ALPACA_API_KEY='din_api_nyckel'
export ALPACA_API_SECRET='ditt_secret'
export TELEGRAM_BOT_TOKEN='din_telegram_token'
export TELEGRAM_CHAT_ID='din_chat_id'
python trading_bot.py
zsh: command not found: python
marselmazen@AirsomtorMarsel ~ % python3 trading_bot.py

/Library/Frameworks/Python.framework/Versions/3.13/Resources/Python.app/Contents/MacOS/Python: can't open file '/Users/marselmazen/trading_bot.py': [Errno 2] No such file or directory
marselmazen@AirsomtorMarsel ~ % cd ~/Documents/TradingBot/

cd: no such file or directory: /Users/marselmazen/Documents/TradingBot/
marselmazen@AirsomtorMarsel ~ % cd ~/Desktop/"Ai trading"

marselmazen@AirsomtorMarsel Ai trading % cd ~/Skrivbord/"Ai trading"

cd: no such file or directory: /Users/marselmazen/Skrivbord/Ai trading
marselmazen@AirsomtorMarsel Ai trading % cd ~/Desktop/"Ai trading"

marselmazen@AirsomtorMarsel Ai trading % cd ~/Desktop/"Ai trading"

marselmazen@AirsomtorMarsel Ai trading % cd ~/Desktop/"Ai trading"

marselmazen@AirsomtorMarsel Ai trading % cd ~/Desktop/"Ai trading"

marselmazen@AirsomtorMarsel Ai trading % cd ~/Desktop/"Ai trading"

marselmazen@AirsomtorMarsel Ai trading % cd ~/Desktop/"Ai trading"

marselmazen@AirsomtorMarsel Ai trading % cd ~/Desktop/"Ai trading"

marselmazen@AirsomtorMarsel Ai trading % cd ~/Desktop/"Ai trading"

marselmazen@AirsomtorMarsel Ai trading % export ALPACA_API_KEY='din_api_nyckel'
export ALPACA_API_SECRET='ditt_secret'
export TELEGRAM_BOT_TOKEN='din_telegram_token'
export TELEGRAM_CHAT_ID='din_chat_id'

python3 trading_bot.py

/Library/Frameworks/Python.framework/Versions/3.13/Resources/Python.app/Contents/MacOS/Python: can't open file '/Users/marselmazen/Desktop/Ai Trading/trading_bot.py': [Errno 2] No such file or directory
marselmazen@AirsomtorMarsel Ai trading % python3 "Python script Ai"

/Library/Frameworks/Python.framework/Versions/3.13/Resources/Python.app/Contents/MacOS/Python: can't open file '/Users/marselmazen/Desktop/Ai Trading/Python script Ai': [Errno 2] No such file or directory
marselmazen@AirsomtorMarsel Ai trading % python3 "Python script Ai.py"

2025-09-13 16:39:38,702 - INFO - ✅ Konfiguration laddad
2025-09-13 16:39:39,156 - ERROR - ❌ Alpaca API-fel: unauthorized.
2025-09-13 16:39:39,156 - ERROR - ❌ Oväntat fel: Kunde inte ansluta till Alpaca API: unauthorized.
marselmazen@AirsomtorMarsel Ai trading % echo $ALPACA_API_KEY
echo $ALPACA_API_SECRET

din_api_nyckel
ditt_secret
marselmazen@AirsomtorMarsel Ai trading % export ALPACA_API_KEY'PKU5T1MER0JD5SUU0YKU'                                             
export ALPACA_API_SECRET='7k1SmQjUYYjeVaO0Ob18xpcrSNrF0fMbSk1mNi4T'
export TELEGRAM_BOT_TOKEN='DIN_RIKTIGA_TELEGRAM_BOT_TOKEN'
export TELEGRAM_CHAT_ID='DIN_CHAT_ID'
marselmazen@AirsomtorMarsel Ai trading % Ai trading % export ALPACA_API_KEY'PKU5T1MER0JD5SUU0YKU'
export ALPACA_API_SECRET='7k1SmQjUYYjeVaO0Ob18xpcrSNrF0fMbSk1mNi4T'
export TELEGRAM_BOT_TOKEN='DIN_RIKTIGA_TELEGRAM_BOT_TOKEN'
export TELEGAi trading % export ALPACA_API_KEY'PKU5T1MER0JD5SUU0YKU'             
export ALPACA_API_SECRET='7k1SmQjUYYjeVaO0Ob18xpcrSNrF0fMbSk1mNi4T'
export TELEGRAM_BOT_TOKEN='DIN_RIKTIGA_TELEGRAM_BOT_TOKEN'
export TELEGRAM_CHAT_ID='DIN_CHAT_ID'D'
quote> 
quote> export ALPACA_API_KEY'PKU5T1MER0JD5SUU0YKU'                 
export ALPACA_API_SECRET='7k1SmQjUYYjeVaO0Ob18xpcrSNrF0fMbSk1mNi4T'
export TELEGRAM_BOT_TOKEN='7568576560:AAHanJwMiV6nxnyNUsKs0VtwXYZfDbb7JIk'
export TELEGRAM_CHAT_ID='DIN_CHAT_ID'
quote> export ALPACA_API_KEY='PKU5T1MER0JD5SUU0YKU'
export ALPACA_API_SECRET='7k1SmQjUYYjeVaO0Ob18xpcrSNrF0fMbSk1mNi4T'
export TELEGRAM_BOT_TOKEN='7568576560:AAHanJwMiV6nxnyNUsKs0VtwXYZfDbb7JIk'
export TELEGRAM_CHAT_ID='5882625935' 

quote> 
marselmazen@AirsomtorMarsel Ai trading %  export ALPACA_API_KEY='PKU5T1MER0JD5SUU0YKU'                                                             
export ALPACA_API_SECRET='7k1SmQjUYYjeVaO0Ob18xpcrSNrF0fMbSk1mNi4T'       
export TELEGRAM_BOT_TOKEN='7568576560:AAHanJwMiV6nxnyNUsKs0VtwXYZfDbb7JIk'    
export TELEGRAM_CHAT_ID='5882625935'                               
PACA_API_KEY='PKU5T1MER0JD5SUU0YKU'                                       
export ALPACA_API_SECRET='7k1SmQjUYYjeVaO0Ob18xpcrSNrF0fMbSk1mNi4T'
export TELEGRAM_BOT_TOKEN='7568576560:AAHanJwMiV6nxnyNUsKs0VtwXYZfDbb7JIk'
export TELEGRAM_CHAT_ID='588262593export ALPACA_API_KEY='PKU5T1MER0JD5SUU0YKU'
export ALPACA_API_SECRET='7k1SmQjUYYjeVaO0Ob18xpcrSNrF0fMbSk1mNi4T'
export TELEGRAM_BOT_TOKEN='7568576560:AAHanJwMiV6nxnyNUsKs0VtwXYZfDbb7JIk'
export TELEGRAM_CHAT_ID='5882625935'

quote>  
marselmazen@AirsomtorMarsel Ai trading % export ALPACA_API_KEY='PKU5T1MER0JD5SUU0YKU'
export ALPACA_API_SECRET='7k1SmQjUYYjeVaO0Ob18xpcrSNrF0fMbSk1mNi4T'
export TELEGRAM_BOT_TOKEN='7568576560:AAHanJwMiV6nxnyNUsKs0VtwXYZfDbb7JIk'
export TELEGRAM_CHAT_ID='5882625935'

marselmazen@AirsomtorMarsel Ai trading % python3 "Python script Ai.py"

2025-09-13 17:08:00,498 - INFO - ✅ Konfiguration laddad
2025-09-13 17:08:00,994 - INFO - ✅ Alpaca API ansluten - Konto: ACTIVE
2025-09-13 17:08:02,563 - ERROR - ❌ Datafel HUHU: The truth value of a Series is ambiguous. Use a.empty, a.bool(), a.item(), a.any() or a.all().
2025-09-13 17:08:02,821 - ERROR - ❌ Datafel ANGL: The truth value of a Series is ambiguous. Use a.empty, a.bool(), a.item(), a.any() or a.all().
2025-09-13 17:08:03,135 - ERROR - ❌ Datafel ANGO: The truth value of a Series is ambiguous. Use a.empty, a.bool(), a.item(), a.any() or a.all().
2025-09-13 17:08:03,372 - ERROR - ❌ Datafel ANIK: The truth value of a Series is ambiguous. Use a.empty, a.bool(), a.item(), a.any() or a.all().
2025-09-13 17:08:03,690 - ERROR - ❌ Datafel ANIP: The truth value of a Series is ambiguous. Use a.empty, a.bool(), a.item(), a.any() or a.all().
2025-09-13 17:08:04,000 - ERROR - ❌ Datafel ANNX: The truth value of a Series is ambiguous. Use a.empty, a.bool(), a.item(), a.any() or a.all().
2025-09-13 17:08:04,224 - ERROR - ❌ Datafel ANRO: The truth value of a Series is ambiguous. Use a.empty, a.bool(), a.item(), a.any() or a.all().
2025-09-13 17:08:04,803 - ERROR - ❌ Datafel ANTX: The truth value of a Series is ambiguous. Use a.empty, a.bool(), a.item(), a.any() or a.all().
2025-09-13 17:08:05,342 - ERROR - ❌ Datafel AOD: The truth value of a Series is ambiguous. Use a.empty, a.bool(), a.item(), a.any() or a.all().
2025-09-13 17:08:06,300 - ERROR - ❌ Datafel AOMR: The truth value of a Series is ambiguous. Use a.empty, a.bool(), a.item(), a.any() or a.all().
2025-09-13 17:08:06,770 - ERROR - ❌ Datafel AON: The truth value of a Series is ambiguous. Use a.empty, a.bool(), a.item(), a.any() or a.all().
2025-09-13 17:08:07,304 - ERROR - ❌ Datafel CHACR: The truth value of a Series is ambiguous. Use a.empty, a.bool(), a.item(), a.any() or a.all().
2025-09-13 17:08:07,778 - ERROR - ❌ Datafel CHAC: The truth value of a Series is ambiguous. Use a.empty, a.bool(), a.item(), a.any() or a.all().
2025-09-13 17:08:08,203 - ERROR - ❌ Datafel CHA: The truth value of a Series is ambiguous. Use a.empty, a.bool(), a.item(), a.any() or a.all().
2025-09-13 17:08:08,464 - ERROR - ❌ Datafel HUBCZ: The truth value of a Series is ambiguous. Use a.empty, a.bool(), a.item(), a.any() or a.all().
2025-09-13 17:08:08,942 - ERROR - ❌ Datafel HUBCW: The truth value of a Series is ambiguous. Use a.empty, a.bool(), a.item(), a.any() or a.all().
2025-09-13 17:08:09,337 - ERROR - ❌ Datafel HUBC: The truth value of a Series is ambiguous. Use a.empty, a.bool(), a.item(), a.any() or a.all().
2025-09-13 17:08:12,718 - ERROR - 
1 Failed download:
2025-09-13 17:08:12,718 - ERROR - ['AXS.PRE']: HTTPError('HTTP Error 404: ')
2025-09-13 17:08:13,011 - ERROR - ❌ Datafel AYTU: The truth value of a Series is ambiguous. Use a.empty, a.bool(), a.item(), a.any() or a.all().
2025-09-13 17:08:13,239 - ERROR - ❌ Datafel AZ: The truth value of a Series is ambiguous. Use a.empty, a.bool(), a.item(), a.any() or a.all().
2025-09-13 17:08:13,528 - ERROR - ❌ Datafel AORT: The truth value of a Series is ambiguous. Use a.empty, a.bool(), a.item(), a.any() or a.all().
2025-09-13 17:08:13,963 - ERROR - ❌ Datafel AOS: The truth value of a Series is ambiguous. Use a.empty, a.bool(), a.item(), a.any() or a.all().
2025-09-13 17:08:14,244 - ERROR - ❌ Datafel AOSL: The truth value of a Series is ambiguous. Use a.empty, a.bool(), a.item(), a.any() or a.all().
2025-09-13 17:08:14,540 - ERROR - ❌ Datafel AOUT: The truth value of a Series is ambiguous. Use a.empty, a.bool(), a.item(), a.any() or a.all().
2025-09-13 17:08:14,861 - ERROR - ❌ Datafel APA: The truth value of a Series is ambiguous. Use a.empty, a.bool(), a.item(), a.any() or a.all().
2025-09-13 17:08:15,257 - ERROR - ❌ Datafel APAM: The truth value of a Series is ambiguous. Use a.empty, a.bool(), a.item(), a.any() or a.all().
2025-09-13 17:08:15,693 - ERROR - ❌ Datafel APD: The truth value of a Series is ambiguous. Use a.empty, a.bool(), a.item(), a.any() or a.all().
2025-09-13 17:08:15,920 - ERROR - ❌ Datafel APEI: The truth value of a Series is ambiguous. Use a.empty, a.bool(), a.item(), a.any() or a.all().
2025-09-13 17:08:16,239 - ERROR - ❌ Datafel APG: The truth value of a Series is ambiguous. Use a.empty, a.bool(), a.item(), a.any() or a.all().
2025-09-13 17:08:16,456 - ERROR - ❌ Datafel APGE: The truth value of a Series is ambiguous. Use a.empty, a.bool(), a.item(), a.any() or a.all().
2025-09-13 17:08:16,758 - ERROR - ❌ Datafel HTOOW: The truth value of a Series is ambiguous. Use a.empty, a.bool(), a.item(), a.any() or a.all().
2025-09-13 17:08:16,988 - ERROR - ❌ Datafel HTOO: The truth value of a Series is ambiguous. Use a.empty, a.bool(), a.item(), a.any() or a.all().
2025-09-13 17:08:17,305 - ERROR - ❌ Datafel HTLM: The truth value of a Series is ambiguous. Use a.empty, a.bool(), a.item(), a.any() or a.all().
2025-09-13 17:08:17,539 - ERROR - ❌ Datafel HTFC: The truth value of a Series is ambiguous. Use a.empty, a.bool(), a.item(), a.any() or a.all().
2025-09-13 17:08:17,835 - ERROR - ❌ Datafel HTFB: The truth value of a Series is ambiguous. Use a.empty, a.bool(), a.item(), a.any() or a.all().
2025-09-13 17:08:18,158 - ERROR - ❌ Datafel HTD: The truth value of a Series is ambiguous. Use a.empty, a.bool(), a.item(), a.any() or a.all().
2025-09-13 17:08:18,375 - ERROR - ❌ Datafel HTCR: The truth value of a Series is ambiguous. Use a.empty, a.bool(), a.item(), a.any() or a.all().
2025-09-13 17:08:18,686 - ERROR - ❌ Datafel HTCO: The truth value of a Series is ambiguous. Use a.empty, a.bool(), a.item(), a.any() or a.all().
2025-09-13 17:08:18,908 - ERROR - ❌ Datafel CGTL: The truth value of a Series is ambiguous. Use a.empty, a.bool(), a.item(), a.any() or a.all().
2025-09-13 17:08:19,209 - ERROR - ❌ Datafel HSPTU: The truth value of a Series is ambiguous. Use a.empty, a.bool(), a.item(), a.any() or a.all().
2025-09-13 17:08:19,523 - ERROR - ❌ Datafel HSPTR: The truth value of a Series is ambiguous. Use a.empty, a.bool(), a.item(), a.any() or a.all().
2025-09-13 17:08:19,801 - ERROR - ❌ Datafel HSPT: The truth value of a Series is ambiguous. Use a.empty, a.bool(), a.item(), a.any() or a.all().
2025-09-13 17:08:20,024 - ERROR - ❌ Datafel CCCXU: The truth value of a Series is ambiguous. Use a.empty, a.bool(), a.item(), a.any() or a.all().
2025-09-13 17:08:20,349 - ERROR - ❌ Datafel HSPOW: The truth value of a Series is ambiguous. Use a.empty, a.bool(), a.item(), a.any() or a.all().
2025-09-13 17:08:20,565 - ERROR - ❌ Datafel HSPOU: The truth value of a Series is ambiguous. Use a.empty, a.bool(), a.item(), a.any() or a.all().
2025-09-13 17:08:20,865 - ERROR - ❌ Datafel HSPOR: The truth value of a Series is ambiguous. Use a.empty, a.bool(), a.item(), a.any() or a.all().
2025-09-13 17:08:21,089 - ERROR - ❌ Datafel CCCXW: The truth value of a Series is ambiguous. Use a.empty, a.bool(), a.item(), a.any() or a.all().
2025-09-13 17:08:21,372 - ERROR - ❌ Datafel HSPO: The truth value of a Series is ambiguous. Use a.empty, a.bool(), a.item(), a.any() or a.all().
2025-09-13 17:08:21,600 - ERROR - ❌ Datafel HSHP: The truth value of a Series is ambiguous. Use a.empty, a.bool(), a.item(), a.any() or a.all().
2025-09-13 17:08:21,933 - ERROR - ❌ Datafel APH: The truth value of a Series is ambiguous. Use a.empty, a.bool(), a.item(), a.any() or a.all().
2025-09-13 17:08:21,933 - INFO - 🎉 Analys klart!
marselmazen@AirsomtorMarsel Ai trading % python3 "Python script Ai.py"

2025-09-13 17:13:41,459 - INFO - ✅ Konfiguration laddad
2025-09-13 17:13:41,899 - INFO - ✅ Alpaca API ansluten - Konto: ACTIVE
2025-09-13 17:13:43,314 - ERROR - ❌ Datafel HUHU: The truth value of a Series is ambiguous. Use a.empty, a.bool(), a.item(), a.any() or a.all().
2025-09-13 17:13:43,478 - ERROR - ❌ Datafel ANGL: The truth value of a Series is ambiguous. Use a.empty, a.bool(), a.item(), a.any() or a.all().
2025-09-13 17:13:43,621 - ERROR - ❌ Datafel ANGO: The truth value of a Series is ambiguous. Use a.empty, a.bool(), a.item(), a.any() or a.all().
2025-09-13 17:13:43,834 - ERROR - ❌ Datafel ANIK: The truth value of a Series is ambiguous. Use a.empty, a.bool(), a.item(), a.any() or a.all().
2025-09-13 17:13:44,062 - ERROR - ❌ Datafel ANIP: The truth value of a Series is ambiguous. Use a.empty, a.bool(), a.item(), a.any() or a.all().
2025-09-13 17:13:44,240 - ERROR - ❌ Datafel ANNX: The truth value of a Series is ambiguous. Use a.empty, a.bool(), a.item(), a.any() or a.all().
2025-09-13 17:13:44,395 - ERROR - ❌ Datafel ANRO: The truth value of a Series is ambiguous. Use a.empty, a.bool(), a.item(), a.any() or a.all().
2025-09-13 17:13:44,527 - ERROR - ❌ Datafel ANTX: The truth value of a Series is ambiguous. Use a.empty, a.bool(), a.item(), a.any() or a.all().
2025-09-13 17:13:44,778 - ERROR - ❌ Datafel AOD: The truth value of a Series is ambiguous. Use a.empty, a.bool(), a.item(), a.any() or a.all().
2025-09-13 17:13:44,934 - ERROR - ❌ Datafel AOMR: The truth value of a Series is ambiguous. Use a.empty, a.bool(), a.item(), a.any() or a.all().
2025-09-13 17:13:45,133 - ERROR - ❌ Datafel AON: The truth value of a Series is ambiguous. Use a.empty, a.bool(), a.item(), a.any() or a.all().
2025-09-13 17:13:45,302 - ERROR - ❌ Datafel CHACR: The truth value of a Series is ambiguous. Use a.empty, a.bool(), a.item(), a.any() or a.all().
2025-09-13 17:13:45,429 - ERROR - ❌ Datafel CHAC: The truth value of a Series is ambiguous. Use a.empty, a.bool(), a.item(), a.any() or a.all().
2025-09-13 17:13:45,570 - ERROR - ❌ Datafel CHA: The truth value of a Series is ambiguous. Use a.empty, a.bool(), a.item(), a.any() or a.all().
2025-09-13 17:13:45,696 - ERROR - ❌ Datafel HUBCZ: The truth value of a Series is ambiguous. Use a.empty, a.bool(), a.item(), a.any() or a.all().
2025-09-13 17:13:45,924 - ERROR - ❌ Datafel HUBCW: The truth value of a Series is ambiguous. Use a.empty, a.bool(), a.item(), a.any() or a.all().
2025-09-13 17:13:46,063 - ERROR - ❌ Datafel HUBC: The truth value of a Series is ambiguous. Use a.empty, a.bool(), a.item(), a.any() or a.all().
2025-09-13 17:13:49,376 - ERROR - 
1 Failed download:
2025-09-13 17:13:49,378 - ERROR - ['AXS.PRE']: HTTPError('HTTP Error 404: ')
2025-09-13 17:13:49,605 - ERROR - ❌ Datafel AYTU: The truth value of a Series is ambiguous. Use a.empty, a.bool(), a.item(), a.any() or a.all().
2025-09-13 17:13:49,730 - ERROR - ❌ Datafel AZ: The truth value of a Series is ambiguous. Use a.empty, a.bool(), a.item(), a.any() or a.all().
2025-09-13 17:13:50,023 - ERROR - ❌ Datafel AORT: The truth value of a Series is ambiguous. Use a.empty, a.bool(), a.item(), a.any() or a.all().
2025-09-13 17:13:50,261 - ERROR - ❌ Datafel AOS: The truth value of a Series is ambiguous. Use a.empty, a.bool(), a.item(), a.any() or a.all().
2025-09-13 17:13:50,391 - ERROR - ❌ Datafel AOSL: The truth value of a Series is ambiguous. Use a.empty, a.bool(), a.item(), a.any() or a.all().
2025-09-13 17:13:50,621 - ERROR - ❌ Datafel AOUT: The truth value of a Series is ambiguous. Use a.empty, a.bool(), a.item(), a.any() or a.all().
2025-09-13 17:13:50,821 - ERROR - ❌ Datafel APA: The truth value of a Series is ambiguous. Use a.empty, a.bool(), a.item(), a.any() or a.all().
2025-09-13 17:13:51,059 - ERROR - ❌ Datafel APAM: The truth value of a Series is ambiguous. Use a.empty, a.bool(), a.item(), a.any() or a.all().
2025-09-13 17:13:51,242 - ERROR - ❌ Datafel APD: The truth value of a Series is ambiguous. Use a.empty, a.bool(), a.item(), a.any() or a.all().
2025-09-13 17:13:51,389 - ERROR - ❌ Datafel APEI: The truth value of a Series is ambiguous. Use a.empty, a.bool(), a.item(), a.any() or a.all().
2025-09-13 17:13:51,582 - ERROR - ❌ Datafel APG: The truth value of a Series is ambiguous. Use a.empty, a.bool(), a.item(), a.any() or a.all().
2025-09-13 17:13:51,738 - ERROR - ❌ Datafel APGE: The truth value of a Series is ambiguous. Use a.empty, a.bool(), a.item(), a.any() or a.all().
2025-09-13 17:13:51,867 - ERROR - ❌ Datafel HTOOW: The truth value of a Series is ambiguous. Use a.empty, a.bool(), a.item(), a.any() or a.all().
2025-09-13 17:13:52,014 - ERROR - ❌ Datafel HTOO: The truth value of a Series is ambiguous. Use a.empty, a.bool(), a.item(), a.any() or a.all().
2025-09-13 17:13:52,226 - ERROR - ❌ Datafel HTLM: The truth value of a Series is ambiguous. Use a.empty, a.bool(), a.item(), a.any() or a.all().
2025-09-13 17:13:52,414 - ERROR - ❌ Datafel HTFC: The truth value of a Series is ambiguous. Use a.empty, a.bool(), a.item(), a.any() or a.all().
2025-09-13 17:13:52,630 - ERROR - ❌ Datafel HTFB: The truth value of a Series is ambiguous. Use a.empty, a.bool(), a.item(), a.any() or a.all().
2025-09-13 17:13:52,796 - ERROR - ❌ Datafel HTD: The truth value of a Series is ambiguous. Use a.empty, a.bool(), a.item(), a.any() or a.all().
2025-09-13 17:13:52,938 - ERROR - ❌ Datafel HTCR: The truth value of a Series is ambiguous. Use a.empty, a.bool(), a.item(), a.any() or a.all().
2025-09-13 17:13:53,169 - ERROR - ❌ Datafel HTCO: The truth value of a Series is ambiguous. Use a.empty, a.bool(), a.item(), a.any() or a.all().
2025-09-13 17:13:53,303 - ERROR - ❌ Datafel CGTL: The truth value of a Series is ambiguous. Use a.empty, a.bool(), a.item(), a.any() or a.all().
2025-09-13 17:13:53,439 - ERROR - ❌ Datafel HSPTU: The truth value of a Series is ambiguous. Use a.empty, a.bool(), a.item(), a.any() or a.all().
2025-09-13 17:13:53,581 - ERROR - ❌ Datafel HSPTR: The truth value of a Series is ambiguous. Use a.empty, a.bool(), a.item(), a.any() or a.all().
2025-09-13 17:13:53,813 - ERROR - ❌ Datafel HSPT: The truth value of a Series is ambiguous. Use a.empty, a.bool(), a.item(), a.any() or a.all().
2025-09-13 17:13:53,971 - ERROR - ❌ Datafel CCCXU: The truth value of a Series is ambiguous. Use a.empty, a.bool(), a.item(), a.any() or a.all().
2025-09-13 17:13:54,114 - ERROR - ❌ Datafel HSPOW: The truth value of a Series is ambiguous. Use a.empty, a.bool(), a.item(), a.any() or a.all().
2025-09-13 17:13:54,326 - ERROR - ❌ Datafel HSPOU: The truth value of a Series is ambiguous. Use a.empty, a.bool(), a.item(), a.any() or a.all().
2025-09-13 17:13:54,472 - ERROR - ❌ Datafel HSPOR: The truth value of a Series is ambiguous. Use a.empty, a.bool(), a.item(), a.any() or a.all().
2025-09-13 17:13:54,631 - ERROR - ❌ Datafel CCCXW: The truth value of a Series is ambiguous. Use a.empty, a.bool(), a.item(), a.any() or a.all().
2025-09-13 17:13:54,857 - ERROR - ❌ Datafel HSPO: The truth value of a Series is ambiguous. Use a.empty, a.bool(), a.item(), a.any() or a.all().
2025-09-13 17:13:55,001 - ERROR - ❌ Datafel HSHP: The truth value of a Series is ambiguous. Use a.empty, a.bool(), a.item(), a.any() or a.all().
2025-09-13 17:13:55,262 - ERROR - ❌ Datafel APH: The truth value of a Series is ambiguous. Use a.empty, a.bool(), a.item(), a.any() or a.all().
2025-09-13 17:13:55,262 - INFO - 🎉 Analys klart!
marselmazen@AirsomtorMarsel Ai trading % python3 "Python script Ai.py"

2025-09-13 17:29:25,117 - INFO - ✅ Konfiguration laddad
2025-09-13 17:29:25,582 - INFO - ✅ Alpaca API ansluten - Konto: ACTIVE
2025-09-13 17:29:27,084 - ERROR - ❌ Datafel AMPY: The truth value of a Series is ambiguous. Use a.empty, a.bool(), a.item(), a.any() or a.all().
2025-09-13 17:29:27,301 - ERROR - ❌ Datafel AMR: The truth value of a Series is ambiguous. Use a.empty, a.bool(), a.item(), a.any() or a.all().
2025-09-13 17:29:27,585 - ERROR - ❌ Datafel AMRC: The truth value of a Series is ambiguous. Use a.empty, a.bool(), a.item(), a.any() or a.all().
2025-09-13 17:29:27,829 - ERROR - ❌ Datafel AMRK: The truth value of a Series is ambiguous. Use a.empty, a.bool(), a.item(), a.any() or a.all().
2025-09-13 17:29:28,213 - ERROR - ❌ Datafel AMRN: The truth value of a Series is ambiguous. Use a.empty, a.bool(), a.item(), a.any() or a.all().
2025-09-13 17:29:28,521 - ERROR - ❌ Datafel AMRX: The truth value of a Series is ambiguous. Use a.empty, a.bool(), a.item(), a.any() or a.all().
2025-09-13 17:29:28,742 - ERROR - ❌ Datafel AMRZ: The truth value of a Series is ambiguous. Use a.empty, a.bool(), a.item(), a.any() or a.all().
2025-09-13 17:29:29,055 - ERROR - ❌ Datafel AMSC: The truth value of a Series is ambiguous. Use a.empty, a.bool(), a.item(), a.any() or a.all().
2025-09-13 17:29:29,315 - ERROR - ❌ Datafel AMSF: The truth value of a Series is ambiguous. Use a.empty, a.bool(), a.item(), a.any() or a.all().
2025-09-13 17:29:29,598 - ERROR - ❌ Datafel AMT: The truth value of a Series is ambiguous. Use a.empty, a.bool(), a.item(), a.any() or a.all().
2025-09-13 17:29:29,843 - ERROR - ❌ Datafel AMTB: The truth value of a Series is ambiguous. Use a.empty, a.bool(), a.item(), a.any() or a.all().
2025-09-13 17:29:30,105 - ERROR - ❌ Datafel AMTD: The truth value of a Series is ambiguous. Use a.empty, a.bool(), a.item(), a.any() or a.all().
2025-09-13 17:29:30,327 - ERROR - ❌ Datafel AMTM: The truth value of a Series is ambiguous. Use a.empty, a.bool(), a.item(), a.any() or a.all().
2025-09-13 17:29:30,631 - ERROR - ❌ Datafel AMWD: The truth value of a Series is ambiguous. Use a.empty, a.bool(), a.item(), a.any() or a.all().
2025-09-13 17:29:30,859 - ERROR - ❌ Datafel AMWL: The truth value of a Series is ambiguous. Use a.empty, a.bool(), a.item(), a.any() or a.all().
2025-09-13 17:29:31,176 - ERROR - ❌ Datafel CHSCN: The truth value of a Series is ambiguous. Use a.empty, a.bool(), a.item(), a.any() or a.all().
2025-09-13 17:29:31,330 - ERROR - ❌ Datafel HTCR: The truth value of a Series is ambiguous. Use a.empty, a.bool(), a.item(), a.any() or a.all().
2025-09-13 17:29:31,656 - ERROR - ❌ Datafel CHSCM: The truth value of a Series is ambiguous. Use a.empty, a.bool(), a.item(), a.any() or a.all().
2025-09-13 17:29:31,788 - ERROR - ❌ Datafel HTCO: The truth value of a Series is ambiguous. Use a.empty, a.bool(), a.item(), a.any() or a.all().
2025-09-13 17:29:32,022 - ERROR - ❌ Datafel FUFU: The truth value of a Series is ambiguous. Use a.empty, a.bool(), a.item(), a.any() or a.all().
2025-09-13 17:29:32,312 - ERROR - ❌ Datafel GAINI: The truth value of a Series is ambiguous. Use a.empty, a.bool(), a.item(), a.any() or a.all().
2025-09-13 17:29:32,629 - ERROR - ❌ Datafel CHSCL: The truth value of a Series is ambiguous. Use a.empty, a.bool(), a.item(), a.any() or a.all().
2025-09-13 17:29:32,852 - ERROR - ❌ Datafel CHR: The truth value of a Series is ambiguous. Use a.empty, a.bool(), a.item(), a.any() or a.all().
2025-09-13 17:29:32,984 - ERROR - ❌ Datafel HSPTU: The truth value of a Series is ambiguous. Use a.empty, a.bool(), a.item(), a.any() or a.all().
2025-09-13 17:29:33,162 - ERROR - ❌ Datafel HSPTR: The truth value of a Series is ambiguous. Use a.empty, a.bool(), a.item(), a.any() or a.all().
2025-09-13 17:29:33,310 - ERROR - ❌ Datafel HSPT: The truth value of a Series is ambiguous. Use a.empty, a.bool(), a.item(), a.any() or a.all().
2025-09-13 17:29:33,587 - ERROR - ❌ Datafel AMX: The truth value of a Series is ambiguous. Use a.empty, a.bool(), a.item(), a.any() or a.all().
2025-09-13 17:29:33,885 - ERROR - ❌ Datafel AMZN: The truth value of a Series is ambiguous. Use a.empty, a.bool(), a.item(), a.any() or a.all().
2025-09-13 17:29:34,211 - ERROR - ❌ Datafel AMZU: The truth value of a Series is ambiguous. Use a.empty, a.bool(), a.item(), a.any() or a.all().
2025-09-13 17:29:34,443 - ERROR - ❌ Datafel AMZZ: The truth value of a Series is ambiguous. Use a.empty, a.bool(), a.item(), a.any() or a.all().
2025-09-13 17:29:34,744 - ERROR - ❌ Datafel CHPT: The truth value of a Series is ambiguous. Use a.empty, a.bool(), a.item(), a.any() or a.all().
2025-09-13 17:29:34,879 - ERROR - ❌ Datafel HSPOW: The truth value of a Series is ambiguous. Use a.empty, a.bool(), a.item(), a.any() or a.all().
2025-09-13 17:29:35,015 - ERROR - ❌ Datafel HSPOU: The truth value of a Series is ambiguous. Use a.empty, a.bool(), a.item(), a.any() or a.all().
2025-09-13 17:29:35,145 - ERROR - ❌ Datafel HSPOR: The truth value of a Series is ambiguous. Use a.empty, a.bool(), a.item(), a.any() or a.all().
2025-09-13 17:29:35,369 - ERROR - ❌ Datafel HSPO: The truth value of a Series is ambiguous. Use a.empty, a.bool(), a.item(), a.any() or a.all().
2025-09-13 17:29:35,582 - ERROR - ❌ Datafel CHPS: The truth value of a Series is ambiguous. Use a.empty, a.bool(), a.item(), a.any() or a.all().
2025-09-13 17:29:35,864 - ERROR - ❌ Datafel CHPGU: The truth value of a Series is ambiguous. Use a.empty, a.bool(), a.item(), a.any() or a.all().
2025-09-13 17:29:35,999 - ERROR - ❌ Datafel HSHP: The truth value of a Series is ambiguous. Use a.empty, a.bool(), a.item(), a.any() or a.all().
2025-09-13 17:29:36,217 - ERROR - ❌ Datafel CHPGR: The truth value of a Series is ambiguous. Use a.empty, a.bool(), a.item(), a.any() or a.all().
2025-09-13 17:29:36,488 - ERROR - ❌ Datafel CHPG: The truth value of a Series is ambiguous. Use a.empty, a.bool(), a.item(), a.any() or a.all().
2025-09-13 17:29:36,711 - ERROR - ❌ Datafel ASST: The truth value of a Series is ambiguous. Use a.empty, a.bool(), a.item(), a.any() or a.all().
2025-09-13 17:29:37,022 - ERROR - ❌ Datafel CHNR: The truth value of a Series is ambiguous. Use a.empty, a.bool(), a.item(), a.any() or a.all().
2025-09-13 17:29:40,106 - ERROR - 
1 Failed download:
2025-09-13 17:29:40,107 - ERROR - ['CHMI.PRB']: HTTPError('HTTP Error 404: ')
2025-09-13 17:29:40,331 - ERROR - ❌ Datafel HSDT: The truth value of a Series is ambiguous. Use a.empty, a.bool(), a.item(), a.any() or a.all().
2025-09-13 17:29:40,583 - ERROR - ❌ Datafel ANAB: The truth value of a Series is ambiguous. Use a.empty, a.bool(), a.item(), a.any() or a.all().
2025-09-13 17:29:40,890 - ERROR - ❌ Datafel ANDE: The truth value of a Series is ambiguous. Use a.empty, a.bool(), a.item(), a.any() or a.all().
2025-09-13 17:29:41,206 - ERROR - ❌ Datafel ANET: The truth value of a Series is ambiguous. Use a.empty, a.bool(), a.item(), a.any() or a.all().
2025-09-13 17:29:41,542 - ERROR - ❌ Datafel ANF: The truth value of a Series is ambiguous. Use a.empty, a.bool(), a.item(), a.any() or a.all().
2025-09-13 17:29:41,771 - ERROR - ❌ Datafel ANGI: The truth value of a Series is ambiguous. Use a.empty, a.bool(), a.item(), a.any() or a.all().
2025-09-13 17:29:42,079 - ERROR - ❌ Datafel ASRV: The truth value of a Series is ambiguous. Use a.empty, a.bool(), a.item(), a.any() or a.all().
2025-09-13 17:29:42,080 - INFO - 🎉 Analys klart!
marselmazen@AirsomtorMarsel Ai trading % 
  [Återskapat 16 sep. 2025 07:28:22]
Last login: Sat Sep 13 16:31:55 on ttys000
Restored session: Sön 14 Sep 2025 21:57:23 CEST
marselmazen@AirsomtorMarsel Ai trading % python3 "Python script Ai.py"
2025-09-16 07:31:51,700 - INFO - 🤖 AI Trading Bot startar...
2025-09-16 07:31:51,701 - ERROR - ❌ Miljövariabeln 'ALPACA_API_KEY' saknas!
2025-09-16 07:31:51,701 - ERROR - ❌ Konfigurationsfel: Miljövariabeln 'ALPACA_API_KEY' saknas!

🔧 KONFIGURATIONSHJÄLP:
Sätt miljövariabler:
export ALPACA_API_KEY='din_api_nyckel'
export ALPACA_API_SECRET='din_secret_nyckel'
export DRY_RUN='false'  # För riktiga order
marselmazen@AirsomtorMarsel Ai trading % "Python script Ai.py"                 
zsh: command not found: Python script Ai.py
marselmazen@AirsomtorMarsel Ai trading % "Python3 script Ai.py"
zsh: command not found: Python3 script Ai.py
marselmazen@AirsomtorMarsel Ai trading %  python3 "Python script Ai.py"
2025-09-16 07:34:18,324 - INFO - 🤖 AI Trading Bot startar...
2025-09-16 07:34:18,324 - ERROR - ❌ Miljövariabeln 'ALPACA_API_KEY' saknas!
2025-09-16 07:34:18,324 - ERROR - ❌ Konfigurationsfel: Miljövariabeln 'ALPACA_API_KEY' saknas!

🔧 KONFIGURATIONSHJÄLP:
Sätt miljövariabler:
export ALPACA_API_KEY='din_api_nyckel'
export ALPACA_API_SECRET='din_secret_nyckel'
export DRY_RUN='false'  # För riktiga order
marselmazen@AirsomtorMarsel Ai trading % pip install python-dotenv
zsh: command not found: pip
marselmazen@AirsomtorMarsel Ai trading % pip3 install python-dotenv
Requirement already satisfied: python-dotenv in /Library/Frameworks/Python.framework/Versions/3.13/lib/python3.13/site-packages (1.1.1)
marselmazen@AirsomtorMarsel Ai trading % pip install python-dotenv
zsh: command not found: pip
marselmazen@AirsomtorMarsel Ai trading % pip3 install python-dotenv
Requirement already satisfied: python-dotenv in /Library/Frameworks/Python.framework/Versions/3.13/lib/python3.13/site-packages (1.1.1)
marselmazen@AirsomtorMarsel Ai trading % python3 "Python script Ai.py"
2025-09-16 07:43:28,394 - INFO - 🤖 AI Trading Bot startar...
2025-09-16 07:43:28,395 - ERROR - ❌ Miljövariabeln 'ALPACA_API_KEY' saknas!
2025-09-16 07:43:28,395 - ERROR - ❌ Konfigurationsfel: Miljövariabeln 'ALPACA_API_KEY' saknas!

🔧 KONFIGURATIONSHJÄLP:
Sätt miljövariabler:
export ALPACA_API_KEY='din_api_nyckel'
export ALPACA_API_SECRET='din_secret_nyckel'
export DRY_RUN='false'  # För riktiga order
marselmazen@AirsomtorMarsel Ai trading % pwd
/Users/marselmazen/Desktop/Ai trading
marselmazen@AirsomtorMarsel Ai trading % ls -la
'total 120
drwxr-xr-x@  7 marselmazen  staff    224 13 Sep 16:51 .
drwx------+ 34 marselmazen  staff   1088 15 Sep 19:45 ..
-rw-r--r--@  1 marselmazen  staff   6148 12 Sep 11:40 .DS_Store
-rw-------   1 marselmazen  staff    244 10 Sep 19:09 .env.save
-rw-r--r--@  1 marselmazen  staff  18520 16 Sep 07:31 Python script Ai.py
-rw-r--r--@  1 marselmazen  staff   1480 13 Sep 16:51 mv .env.save .env .txt
-rw-r--r--@  1 marselmazen  staff  23613 16 Sep 07:43 trading_bot.log
marselmazen@AirsomtorMarsel Ai trading % python3 "Python script Ai.py"
2025-09-16 07:55:03,875 - INFO - 🤖 AI Trading Bot startar...
2025-09-16 07:55:03,875 - ERROR - ❌ Miljövariabeln 'ALPACA_API_KEY' saknas!
2025-09-16 07:55:03,875 - ERROR - ❌ Konfigurationsfel: Miljövariabeln 'ALPACA_API_KEY' saknas!

🔧 KONFIGURATIONSHJÄLP:
Sätt miljövariabler:
export ALPACA_API_KEY='din_api_nyckel'
export ALPACA_API_SECRET='din_secret_nyckel'
export DRY_RUN='false'  # För riktiga order
marselmazen@AirsomtorMarsel Ai trading % python3 "Python script Ai.py"

2025-09-16 07:56:48,604 - INFO - 🤖 AI Trading Bot startar...
2025-09-16 07:56:48,605 - ERROR - ❌ Miljövariabeln 'ALPACA_API_KEY' saknas!
2025-09-16 07:56:48,605 - ERROR - ❌ Konfigurationsfel: Miljövariabeln 'ALPACA_API_KEY' saknas!

🔧 KONFIGURATIONSHJÄLP:
Sätt miljövariabler:
export ALPACA_API_KEY='din_api_nyckel'
export ALPACA_API_SECRET='din_secret_nyckel'
export DRY_RUN='false'  # För riktiga order
marselmazen@AirsomtorMarsel Ai trading % nano .env

  UW PICO 5.09                                    File: .env                                    Modified  

<<<<<<< HEAD
# Dina befintliga värden (med nya säkra nycklar)
=======
>>>>>>> b65d31f (Första commit med hela projektet)
MIN_VOLUME=1000
RSI_OVERSOLD=30
RSI_OVERBOUGHT=70
MIN_VOLUME_SPIKE=50
<<<<<<< HEAD
ALPACA_API_KEY=PKU5T1MER0JD5SUU0YKU
ALPACA_API_SECRET=7k1SmQjUYYjeVaO0Ob18xpcrSNrF0fMbSk1mNi4T
ALPACA_BASE_URL=https://paper-api.alpaca.markets

TELEGRAM_BOT_TOKEN=din_nya_bot_token
TELEGRAM_CHAT_ID=5882625935
DRY_RUN=true

# Lägg till dessa SAKNADE parametrar:
API_DELAY=0.5
MAX_RETRIES=3
POSITION_SIZE_PCT=0.02
MAX_POSITION_VALUE=1000
STOP_LOSS_PCT=0.04
TAKE_PROFIT_PCT=0.05
MAX_DAILY_LOSS=100
=======
EOFALPACA_API_KEY=PKU5T1MER0JD5SUU0YKU
ALPACA_API_SECRET=7k1SmQjUYYjeVaO0Ob18xpcrSNrF0fMbSk1mNi4T
ALPACA_BASE_URL=https://paper-api.alpaca.markets
TELEGRAM_BOT_TOKEN=7568576560:AAHanJwMiV6nxnyNUsKs0VtwXYZfDbb7JIk
TELEGRAM_CHAT_ID=5882625935
DRY_RUN=true
MIN_VOLUME=1000
RSI_OVERSOLD=30
RSI_OVERBOUGHT=70
MIN_VOLUME_SPIKE=50
   

>>>>>>> b65d31f (Första commit med hela projektet)







^G Get Help      ^O WriteOut      ^R Read File     ^Y Prev Pg       ^K Cut Text      ^C Cur Pos       
^X Exit          ^J Justify       ^W Where is      ^V Next Pg       ^U UnCut Text    ^T To Spell      
